// 重构日志: 7467b268
// 重构日志: 10b4df55
// 重构日志: 854d1dec
// 重构日志: 17cb5db6
// 重构日志: 0714a020
// 重构日志: f433a3b4
// 重构日志: 8a61184e
// 同步 ID: ce94e4ac @ Sun Jul 26 15:11:01 UTC 2026
// 同步 ID: dee74e02 @ Sun Jul 26 15:52:16 UTC 2026
// 同步 ID: 26d87e1b @ Mon Jul 27 06:21:08 UTC 2026
// 同步 ID: ea2ab12d @ Mon Jul 27 09:31:19 UTC 2026
// 重构日志: a7565d6a
// 重构日志: 675b3e29
// 重构日志: cd784aec
// 重构日志: 96abb349
// 重构日志: f0af288f
// 重构日志: 2083803d
// 重构日志: 1ea1c008
// 同步 ID: 58344ea8 @ Thu Jul 30 01:35:58 UTC 2026
// 重构日志: af265271
// 重构日志: 45d99ab1
// 重构日志: bb517105
// 同步 ID: 90b97d11 @ Thu Jul 30 15:02:56 UTC 2026
// 重构日志: 08b80355
// 重构日志: dfe11ce3
// 同步 ID: ad432625 @ Fri Jul 31 16:23:40 UTC 2026
// 同步 ID: 5dafeabb @ Sat Aug  1 01:26:35 UTC 2026
// 重构日志: c5ab97a4
// 重构日志: 83f87835
// 同步 ID: 59103d8f @ Sat Aug  1 22:56:08 UTC 2026
// 重构日志: 22ad8562
